Java HotSpot(TM) 64-Bit Server VM (25.101-b13) for windows-amd64 JRE (1.8.0_101-b13), built on Jun 22 2016 01:21:29 by "java_re" with MS VC++ 10.0 (VS2010)
Memory: 4k page, physical 8268948k(2337800k free), swap 18230420k(4388392k free)
CommandLine flags: -XX:InitialHeapSize=536870912 -XX:MaxHeapSize=536870912 -XX:MaxNewSize=178958336 -XX:MaxTenuringThreshold=6 -XX:NewSize=178958336 -XX:OldPLABSize=16 -XX:OldSize=357912576 -XX:+PrintGC -XX:+PrintGCDateStamps -XX:+PrintGCDetails -XX:+PrintGCTimeStamps -XX:+UseCompressedClassPointers -XX:+UseCompressedOops -XX:+UseConcMarkSweepGC -XX:-UseLargePagesIndividualAllocation -XX:+UseParNewGC 
2020-10-28T17:20:02.185+0800: 0.188: [GC (Allocation Failure) 2020-10-28T17:20:02.185+0800: 0.188: [ParNew: 139776K->17469K(157248K), 0.0090648 secs] 139776K->44818K(506816K), 0.0092234 secs] [Times: user=0.06 sys=0.00, real=0.01 secs] 
2020-10-28T17:20:02.216+0800: 0.219: [GC (Allocation Failure) 2020-10-28T17:20:02.216+0800: 0.219: [ParNew: 157245K->17472K(157248K), 0.0131219 secs] 184594K->90460K(506816K), 0.0132018 secs] [Times: user=0.06 sys=0.00, real=0.01 secs] 
2020-10-28T17:20:02.252+0800: 0.254: [GC (Allocation Failure) 2020-10-28T17:20:02.252+0800: 0.254: [ParNew: 157248K->17472K(157248K), 0.0158378 secs] 230236K->129273K(506816K), 0.0159292 secs] [Times: user=0.05 sys=0.00, real=0.02 secs] 
2020-10-28T17:20:02.288+0800: 0.292: [GC (Allocation Failure) 2020-10-28T17:20:02.288+0800: 0.292: [ParNew: 157248K->17472K(157248K), 0.0135764 secs] 269049K->170519K(506816K), 0.0136507 secs] [Times: user=0.05 sys=0.01, real=0.01 secs] 
2020-10-28T17:20:02.323+0800: 0.326: [GC (Allocation Failure) 2020-10-28T17:20:02.323+0800: 0.327: [ParNew: 157248K->17472K(157248K), 0.0151420 secs] 310295K->213156K(506816K), 0.0152176 secs] [Times: user=0.05 sys=0.02, real=0.02 secs] 
2020-10-28T17:20:02.338+0800: 0.342: [GC (CMS Initial Mark) [1 CMS-initial-mark: 195684K(349568K)] 213300K(506816K), 0.0001560 secs] [Times: user=0.00 sys=0.00, real=0.00 secs] 
2020-10-28T17:20:02.339+0800: 0.342: [CMS-concurrent-mark-start]
2020-10-28T17:20:02.343+0800: 0.346: [CMS-concurrent-mark: 0.004/0.004 secs] [Times: user=0.03 sys=0.00, real=0.00 secs] 
2020-10-28T17:20:02.343+0800: 0.346: [CMS-concurrent-preclean-start]
2020-10-28T17:20:02.343+0800: 0.347: [CMS-concurrent-preclean: 0.000/0.000 secs] [Times: user=0.00 sys=0.00, real=0.00 secs] 
2020-10-28T17:20:02.343+0800: 0.347: [CMS-concurrent-abortable-preclean-start]
2020-10-28T17:20:02.360+0800: 0.363: [GC (Allocation Failure) 2020-10-28T17:20:02.360+0800: 0.363: [ParNew: 157182K->17472K(157248K), 0.0158172 secs] 352866K->262458K(506816K), 0.0158932 secs] [Times: user=0.05 sys=0.02, real=0.02 secs] 
2020-10-28T17:20:02.399+0800: 0.402: [GC (Allocation Failure) 2020-10-28T17:20:02.399+0800: 0.402: [ParNew: 157248K->17472K(157248K), 0.0138519 secs] 402234K->307720K(506816K), 0.0139388 secs] [Times: user=0.06 sys=0.00, real=0.01 secs] 
2020-10-28T17:20:02.439+0800: 0.442: [GC (Allocation Failure) 2020-10-28T17:20:02.439+0800: 0.442: [ParNew: 157248K->17472K(157248K), 0.0143375 secs] 447496K->351708K(506816K), 0.0144177 secs] [Times: user=0.05 sys=0.02, real=0.01 secs] 
2020-10-28T17:20:02.453+0800: 0.457: [CMS-concurrent-abortable-preclean: 0.004/0.110 secs] [Times: user=0.22 sys=0.03, real=0.11 secs] 
2020-10-28T17:20:02.454+0800: 0.457: [GC (CMS Final Remark) [YG occupancy: 17544 K (157248 K)]2020-10-28T17:20:02.454+0800: 0.457: [Rescan (parallel) , 0.0004834 secs]2020-10-28T17:20:02.454+0800: 0.457: [weak refs processing, 0.0000142 secs]2020-10-28T17:20:02.454+0800: 0.457: [class unloading, 0.0002609 secs]2020-10-28T17:20:02.455+0800: 0.458: [scrub symbol table, 0.0003736 secs]2020-10-28T17:20:02.455+0800: 0.458: [scrub string table, 0.0000994 secs][1 CMS-remark: 334236K(349568K)] 351780K(506816K), 0.0013306 secs] [Times: user=0.00 sys=0.00, real=0.00 secs] 
2020-10-28T17:20:02.455+0800: 0.458: [CMS-concurrent-sweep-start]
2020-10-28T17:20:02.456+0800: 0.459: [CMS-concurrent-sweep: 0.001/0.001 secs] [Times: user=0.00 sys=0.00, real=0.00 secs] 
2020-10-28T17:20:02.456+0800: 0.459: [CMS-concurrent-reset-start]
2020-10-28T17:20:02.456+0800: 0.459: [CMS-concurrent-reset: 0.000/0.000 secs] [Times: user=0.00 sys=0.00, real=0.00 secs] 
2020-10-28T17:20:02.476+0800: 0.479: [GC (Allocation Failure) 2020-10-28T17:20:02.476+0800: 0.479: [ParNew: 157248K->17472K(157248K), 0.0086915 secs] 447388K->348494K(506816K), 0.0087636 secs] [Times: user=0.06 sys=0.00, real=0.01 secs] 
2020-10-28T17:20:02.485+0800: 0.488: [GC (CMS Initial Mark) [1 CMS-initial-mark: 331022K(349568K)] 348638K(506816K), 0.0001085 secs] [Times: user=0.00 sys=0.00, real=0.00 secs] 
2020-10-28T17:20:02.485+0800: 0.488: [CMS-concurrent-mark-start]
2020-10-28T17:20:02.488+0800: 0.491: [CMS-concurrent-mark: 0.003/0.003 secs] [Times: user=0.00 sys=0.00, real=0.00 secs] 
2020-10-28T17:20:02.488+0800: 0.491: [CMS-concurrent-preclean-start]
2020-10-28T17:20:02.489+0800: 0.492: [CMS-concurrent-preclean: 0.001/0.001 secs] [Times: user=0.00 sys=0.00, real=0.00 secs] 
2020-10-28T17:20:02.489+0800: 0.492: [CMS-concurrent-abortable-preclean-start]
2020-10-28T17:20:02.489+0800: 0.492: [CMS-concurrent-abortable-preclean: 0.000/0.000 secs] [Times: user=0.00 sys=0.00, real=0.00 secs] 
2020-10-28T17:20:02.489+0800: 0.492: [GC (CMS Final Remark) [YG occupancy: 38761 K (157248 K)]2020-10-28T17:20:02.489+0800: 0.492: [Rescan (parallel) , 0.0004674 secs]2020-10-28T17:20:02.490+0800: 0.493: [weak refs processing, 0.0000193 secs]2020-10-28T17:20:02.490+0800: 0.493: [class unloading, 0.0002764 secs]2020-10-28T17:20:02.490+0800: 0.493: [scrub symbol table, 0.0003691 secs]2020-10-28T17:20:02.490+0800: 0.494: [scrub string table, 0.0001378 secs][1 CMS-remark: 331022K(349568K)] 369784K(506816K), 0.0013717 secs] [Times: user=0.00 sys=0.00, real=0.00 secs] 
2020-10-28T17:20:02.491+0800: 0.494: [CMS-concurrent-sweep-start]
2020-10-28T17:20:02.492+0800: 0.495: [CMS-concurrent-sweep: 0.001/0.001 secs] [Times: user=0.00 sys=0.00, real=0.00 secs] 
2020-10-28T17:20:02.492+0800: 0.495: [CMS-concurrent-reset-start]
2020-10-28T17:20:02.492+0800: 0.496: [CMS-concurrent-reset: 0.001/0.001 secs] [Times: user=0.00 sys=0.00, real=0.00 secs] 
2020-10-28T17:20:02.511+0800: 0.514: [GC (Allocation Failure) 2020-10-28T17:20:02.511+0800: 0.514: [ParNew: 157233K->17472K(157248K), 0.0094259 secs] 394229K->295058K(506816K), 0.0095072 secs] [Times: user=0.06 sys=0.00, real=0.01 secs] 
2020-10-28T17:20:02.521+0800: 0.524: [GC (CMS Initial Mark) [1 CMS-initial-mark: 277586K(349568K)] 295202K(506816K), 0.0000988 secs] [Times: user=0.00 sys=0.00, real=0.00 secs] 
2020-10-28T17:20:02.521+0800: 0.524: [CMS-concurrent-mark-start]
2020-10-28T17:20:02.524+0800: 0.527: [CMS-concurrent-mark: 0.003/0.003 secs] [Times: user=0.00 sys=0.00, real=0.00 secs] 
2020-10-28T17:20:02.524+0800: 0.527: [CMS-concurrent-preclean-start]
2020-10-28T17:20:02.524+0800: 0.527: [CMS-concurrent-preclean: 0.001/0.001 secs] [Times: user=0.00 sys=0.00, real=0.00 secs] 
2020-10-28T17:20:02.524+0800: 0.527: [CMS-concurrent-abortable-preclean-start]
2020-10-28T17:20:02.542+0800: 0.545: [GC (Allocation Failure) 2020-10-28T17:20:02.542+0800: 0.545: [ParNew: 157124K->17472K(157248K), 0.0097411 secs] 434711K->343254K(506816K), 0.0098182 secs] [Times: user=0.06 sys=0.00, real=0.01 secs] 
2020-10-28T17:20:02.553+0800: 0.556: [CMS-concurrent-abortable-preclean: 0.002/0.028 secs] [Times: user=0.08 sys=0.00, real=0.03 secs] 
2020-10-28T17:20:02.553+0800: 0.556: [GC (CMS Final Remark) [YG occupancy: 27023 K (157248 K)]2020-10-28T17:20:02.553+0800: 0.556: [Rescan (parallel) , 0.0004472 secs]2020-10-28T17:20:02.553+0800: 0.556: [weak refs processing, 0.0000104 secs]2020-10-28T17:20:02.553+0800: 0.556: [class unloading, 0.0002517 secs]2020-10-28T17:20:02.554+0800: 0.557: [scrub symbol table, 0.0003136 secs]2020-10-28T17:20:02.554+0800: 0.557: [scrub string table, 0.0000962 secs][1 CMS-remark: 325782K(349568K)] 352806K(506816K), 0.0011870 secs] [Times: user=0.00 sys=0.00, real=0.00 secs] 
2020-10-28T17:20:02.554+0800: 0.557: [CMS-concurrent-sweep-start]
2020-10-28T17:20:02.555+0800: 0.558: [CMS-concurrent-sweep: 0.001/0.001 secs] [Times: user=0.00 sys=0.00, real=0.00 secs] 
2020-10-28T17:20:02.555+0800: 0.558: [CMS-concurrent-reset-start]
2020-10-28T17:20:02.555+0800: 0.558: [CMS-concurrent-reset: 0.000/0.000 secs] [Times: user=0.00 sys=0.00, real=0.00 secs] 
2020-10-28T17:20:02.575+0800: 0.578: [GC (Allocation Failure) 2020-10-28T17:20:02.575+0800: 0.578: [ParNew: 156970K->156970K(157248K), 0.0000173 secs]2020-10-28T17:20:02.575+0800: 0.578: [CMS: 301862K->295845K(349568K), 0.0448026 secs] 458832K->295845K(506816K), [Metaspace: 2644K->2644K(1056768K)], 0.0449010 secs] [Times: user=0.05 sys=0.00, real=0.04 secs] 
2020-10-28T17:20:02.621+0800: 0.623: [GC (CMS Initial Mark) [1 CMS-initial-mark: 295845K(349568K)] 296364K(506816K), 0.0001092 secs] [Times: user=0.00 sys=0.00, real=0.00 secs] 
2020-10-28T17:20:02.621+0800: 0.623: [CMS-concurrent-mark-start]
2020-10-28T17:20:02.624+0800: 0.627: [CMS-concurrent-mark: 0.003/0.003 secs] [Times: user=0.03 sys=0.00, real=0.00 secs] 
2020-10-28T17:20:02.624+0800: 0.627: [CMS-concurrent-preclean-start]
2020-10-28T17:20:02.625+0800: 0.628: [CMS-concurrent-preclean: 0.001/0.001 secs] [Times: user=0.00 sys=0.00, real=0.00 secs] 
2020-10-28T17:20:02.625+0800: 0.628: [CMS-concurrent-abortable-preclean-start]
2020-10-28T17:20:02.643+0800: 0.646: [GC (Allocation Failure) 2020-10-28T17:20:02.643+0800: 0.646: [ParNew: 139413K->17472K(157248K), 0.0072131 secs] 435259K->344842K(506816K), 0.0072876 secs] [Times: user=0.00 sys=0.00, real=0.01 secs] 
2020-10-28T17:20:02.651+0800: 0.654: [CMS-concurrent-abortable-preclean: 0.001/0.027 secs] [Times: user=0.02 sys=0.00, real=0.03 secs] 
2020-10-28T17:20:02.652+0800: 0.654: [GC (CMS Final Remark) [YG occupancy: 25121 K (157248 K)]2020-10-28T17:20:02.652+0800: 0.654: [Rescan (parallel) , 0.0004748 secs]2020-10-28T17:20:02.652+0800: 0.655: [weak refs processing, 0.0000107 secs]2020-10-28T17:20:02.652+0800: 0.655: [class unloading, 0.0002063 secs]2020-10-28T17:20:02.652+0800: 0.655: [scrub symbol table, 0.0003654 secs]2020-10-28T17:20:02.653+0800: 0.655: [scrub string table, 0.0001059 secs][1 CMS-remark: 327370K(349568K)] 352492K(506816K), 0.0012281 secs] [Times: user=0.00 sys=0.00, real=0.00 secs] 
2020-10-28T17:20:02.653+0800: 0.656: [CMS-concurrent-sweep-start]
2020-10-28T17:20:02.653+0800: 0.656: [CMS-concurrent-sweep: 0.000/0.000 secs] [Times: user=0.00 sys=0.00, real=0.00 secs] 
2020-10-28T17:20:02.654+0800: 0.656: [CMS-concurrent-reset-start]
2020-10-28T17:20:02.654+0800: 0.657: [CMS-concurrent-reset: 0.000/0.000 secs] [Times: user=0.00 sys=0.00, real=0.00 secs] 
2020-10-28T17:20:02.674+0800: 0.678: [GC (Allocation Failure) 2020-10-28T17:20:02.674+0800: 0.678: [ParNew: 157248K->157248K(157248K), 0.0000182 secs]2020-10-28T17:20:02.674+0800: 0.678: [CMS: 327170K->314802K(349568K), 0.0497882 secs] 484418K->314802K(506816K), [Metaspace: 2644K->2644K(1056768K)], 0.0498902 secs] [Times: user=0.05 sys=0.00, real=0.05 secs] 
2020-10-28T17:20:02.724+0800: 0.728: [GC (CMS Initial Mark) [1 CMS-initial-mark: 314802K(349568K)] 314958K(506816K), 0.0001376 secs] [Times: user=0.00 sys=0.00, real=0.00 secs] 
2020-10-28T17:20:02.725+0800: 0.728: [CMS-concurrent-mark-start]
2020-10-28T17:20:02.728+0800: 0.732: [CMS-concurrent-mark: 0.004/0.004 secs] [Times: user=0.00 sys=0.00, real=0.00 secs] 
2020-10-28T17:20:02.728+0800: 0.732: [CMS-concurrent-preclean-start]
2020-10-28T17:20:02.729+0800: 0.732: [CMS-concurrent-preclean: 0.001/0.001 secs] [Times: user=0.00 sys=0.00, real=0.00 secs] 
2020-10-28T17:20:02.729+0800: 0.732: [CMS-concurrent-abortable-preclean-start]
2020-10-28T17:20:02.747+0800: 0.750: [GC (Allocation Failure) 2020-10-28T17:20:02.747+0800: 0.750: [ParNew: 139776K->17472K(157248K), 0.0113147 secs] 454578K->364268K(506816K), 0.0113783 secs] [Times: user=0.06 sys=0.00, real=0.01 secs] 
2020-10-28T17:20:02.758+0800: 0.762: [CMS-concurrent-abortable-preclean: 0.000/0.029 secs] [Times: user=0.08 sys=0.00, real=0.03 secs] 
2020-10-28T17:20:02.758+0800: 0.762: [GC (CMS Final Remark) [YG occupancy: 18238 K (157248 K)]2020-10-28T17:20:02.758+0800: 0.762: [Rescan (parallel) , 0.0005039 secs]2020-10-28T17:20:02.759+0800: 0.762: [weak refs processing, 0.0000144 secs]2020-10-28T17:20:02.759+0800: 0.762: [class unloading, 0.0002368 secs]2020-10-28T17:20:02.759+0800: 0.763: [scrub symbol table, 0.0003374 secs]2020-10-28T17:20:02.760+0800: 0.763: [scrub string table, 0.0001151 secs][1 CMS-remark: 346796K(349568K)] 365035K(506816K), 0.0012724 secs] [Times: user=0.00 sys=0.00, real=0.00 secs] 
2020-10-28T17:20:02.760+0800: 0.763: [CMS-concurrent-sweep-start]
2020-10-28T17:20:02.760+0800: 0.764: [CMS-concurrent-sweep: 0.000/0.000 secs] [Times: user=0.00 sys=0.00, real=0.00 secs] 
2020-10-28T17:20:02.760+0800: 0.764: [CMS-concurrent-reset-start]
2020-10-28T17:20:02.761+0800: 0.764: [CMS-concurrent-reset: 0.000/0.000 secs] [Times: user=0.00 sys=0.00, real=0.00 secs] 
2020-10-28T17:20:02.780+0800: 0.783: [GC (Allocation Failure) 2020-10-28T17:20:02.780+0800: 0.783: [ParNew: 157248K->157248K(157248K), 0.0000177 secs]2020-10-28T17:20:02.780+0800: 0.783: [CMS: 346425K->327062K(349568K), 0.0490173 secs] 503673K->327062K(506816K), [Metaspace: 2644K->2644K(1056768K)], 0.0491182 secs] [Times: user=0.05 sys=0.00, real=0.05 secs] 
2020-10-28T17:20:02.829+0800: 0.833: [GC (CMS Initial Mark) [1 CMS-initial-mark: 327062K(349568K)] 327695K(506816K), 0.0001334 secs] [Times: user=0.00 sys=0.00, real=0.00 secs] 
2020-10-28T17:20:02.830+0800: 0.833: [CMS-concurrent-mark-start]
2020-10-28T17:20:02.832+0800: 0.835: [CMS-concurrent-mark: 0.002/0.002 secs] [Times: user=0.00 sys=0.00, real=0.00 secs] 
2020-10-28T17:20:02.832+0800: 0.835: [CMS-concurrent-preclean-start]
2020-10-28T17:20:02.833+0800: 0.836: [CMS-concurrent-preclean: 0.000/0.000 secs] [Times: user=0.00 sys=0.00, real=0.00 secs] 
2020-10-28T17:20:02.833+0800: 0.836: [CMS-concurrent-abortable-preclean-start]
2020-10-28T17:20:02.850+0800: 0.853: [GC (Allocation Failure) 2020-10-28T17:20:02.850+0800: 0.853: [ParNew: 139776K->139776K(157248K), 0.0000177 secs]2020-10-28T17:20:02.850+0800: 0.853: [CMS2020-10-28T17:20:02.850+0800: 0.853: [CMS-concurrent-abortable-preclean: 0.000/0.017 secs] [Times: user=0.02 sys=0.00, real=0.02 secs] 
 (concurrent mode failure): 327062K->339741K(349568K), 0.0546866 secs] 466838K->339741K(506816K), [Metaspace: 2644K->2644K(1056768K)], 0.0547959 secs] [Times: user=0.06 sys=0.00, real=0.06 secs] 
2020-10-28T17:20:02.932+0800: 0.935: [GC (Allocation Failure) 2020-10-28T17:20:02.932+0800: 0.935: [ParNew: 139636K->139636K(157248K), 0.0000260 secs]2020-10-28T17:20:02.932+0800: 0.935: [CMS: 339741K->341049K(349568K), 0.0598317 secs] 479377K->341049K(506816K), [Metaspace: 2644K->2644K(1056768K)], 0.0599597 secs] [Times: user=0.06 sys=0.00, real=0.06 secs] 
2020-10-28T17:20:02.992+0800: 0.995: [GC (CMS Initial Mark) [1 CMS-initial-mark: 341049K(349568K)] 341193K(506816K), 0.0001149 secs] [Times: user=0.00 sys=0.00, real=0.00 secs] 
2020-10-28T17:20:02.992+0800: 0.995: [CMS-concurrent-mark-start]
2020-10-28T17:20:02.995+0800: 0.998: [CMS-concurrent-mark: 0.003/0.003 secs] [Times: user=0.00 sys=0.00, real=0.00 secs] 
2020-10-28T17:20:02.995+0800: 0.998: [CMS-concurrent-preclean-start]
2020-10-28T17:20:02.995+0800: 0.998: [CMS-concurrent-preclean: 0.000/0.000 secs] [Times: user=0.00 sys=0.00, real=0.00 secs] 
2020-10-28T17:20:02.995+0800: 0.998: [CMS-concurrent-abortable-preclean-start]
2020-10-28T17:20:02.995+0800: 0.998: [CMS-concurrent-abortable-preclean: 0.000/0.000 secs] [Times: user=0.00 sys=0.00, real=0.00 secs] 
2020-10-28T17:20:02.996+0800: 0.998: [GC (CMS Final Remark) [YG occupancy: 23353 K (157248 K)]2020-10-28T17:20:02.996+0800: 0.998: [Rescan (parallel) , 0.0004567 secs]2020-10-28T17:20:02.996+0800: 0.999: [weak refs processing, 0.0000126 secs]2020-10-28T17:20:02.996+0800: 0.999: [class unloading, 0.0002115 secs]2020-10-28T17:20:02.996+0800: 0.999: [scrub symbol table, 0.0003863 secs]2020-10-28T17:20:02.997+0800: 0.999: [scrub string table, 0.0001218 secs][1 CMS-remark: 341049K(349568K)] 364402K(506816K), 0.0012690 secs] [Times: user=0.00 sys=0.00, real=0.00 secs] 
2020-10-28T17:20:02.997+0800: 1.000: [CMS-concurrent-sweep-start]
2020-10-28T17:20:02.998+0800: 1.000: [CMS-concurrent-sweep: 0.001/0.001 secs] [Times: user=0.00 sys=0.00, real=0.00 secs] 
2020-10-28T17:20:02.998+0800: 1.000: [CMS-concurrent-reset-start]
2020-10-28T17:20:02.998+0800: 1.001: [CMS-concurrent-reset: 0.000/0.000 secs] [Times: user=0.00 sys=0.00, real=0.00 secs] 
2020-10-28T17:20:03.015+0800: 1.018: [GC (Allocation Failure) 2020-10-28T17:20:03.015+0800: 1.018: [ParNew: 139776K->139776K(157248K), 0.0000391 secs]2020-10-28T17:20:03.016+0800: 1.018: [CMS: 339839K->342409K(349568K), 0.0602200 secs] 479615K->342409K(506816K), [Metaspace: 2644K->2644K(1056768K)], 0.0603828 secs] [Times: user=0.05 sys=0.00, real=0.06 secs] 
2020-10-28T17:20:03.075+0800: 1.079: [GC (CMS Initial Mark) [1 CMS-initial-mark: 342409K(349568K)] 342697K(506816K), 0.0000988 secs] [Times: user=0.00 sys=0.00, real=0.00 secs] 
2020-10-28T17:20:03.075+0800: 1.079: [CMS-concurrent-mark-start]
2020-10-28T17:20:03.079+0800: 1.082: [CMS-concurrent-mark: 0.003/0.003 secs] [Times: user=0.03 sys=0.00, real=0.00 secs] 
2020-10-28T17:20:03.079+0800: 1.082: [CMS-concurrent-preclean-start]
2020-10-28T17:20:03.079+0800: 1.083: [CMS-concurrent-preclean: 0.001/0.001 secs] [Times: user=0.00 sys=0.00, real=0.00 secs] 
2020-10-28T17:20:03.079+0800: 1.083: [CMS-concurrent-abortable-preclean-start]
2020-10-28T17:20:03.079+0800: 1.083: [CMS-concurrent-abortable-preclean: 0.000/0.000 secs] [Times: user=0.00 sys=0.00, real=0.00 secs] 
2020-10-28T17:20:03.079+0800: 1.083: [GC (CMS Final Remark) [YG occupancy: 14937 K (157248 K)]2020-10-28T17:20:03.079+0800: 1.083: [Rescan (parallel) , 0.0006072 secs]2020-10-28T17:20:03.080+0800: 1.084: [weak refs processing, 0.0000129 secs]2020-10-28T17:20:03.080+0800: 1.084: [class unloading, 0.0002765 secs]2020-10-28T17:20:03.080+0800: 1.084: [scrub symbol table, 0.0004651 secs]2020-10-28T17:20:03.081+0800: 1.084: [scrub string table, 0.0001145 secs][1 CMS-remark: 342409K(349568K)] 357346K(506816K), 0.0015598 secs] [Times: user=0.00 sys=0.00, real=0.00 secs] 
2020-10-28T17:20:03.081+0800: 1.085: [CMS-concurrent-sweep-start]
2020-10-28T17:20:03.082+0800: 1.085: [CMS-concurrent-sweep: 0.001/0.001 secs] [Times: user=0.00 sys=0.00, real=0.00 secs] 
2020-10-28T17:20:03.082+0800: 1.085: [CMS-concurrent-reset-start]
2020-10-28T17:20:03.082+0800: 1.086: [CMS-concurrent-reset: 0.000/0.000 secs] [Times: user=0.00 sys=0.00, real=0.00 secs] 
Heap
 par new generation   total 157248K, used 120764K [0x00000000e0000000, 0x00000000eaaa0000, 0x00000000eaaa0000)
  eden space 139776K,  86% used [0x00000000e0000000, 0x00000000e75ef368, 0x00000000e8880000)
  from space 17472K,   0% used [0x00000000e9990000, 0x00000000e9990000, 0x00000000eaaa0000)
  to   space 17472K,   0% used [0x00000000e8880000, 0x00000000e8880000, 0x00000000e9990000)
 concurrent mark-sweep generation total 349568K, used 340883K [0x00000000eaaa0000, 0x0000000100000000, 0x0000000100000000)
 Metaspace       used 2650K, capacity 4486K, committed 4864K, reserved 1056768K
  class space    used 297K, capacity 386K, committed 512K, reserved 1048576K
