Java HotSpot(TM) 64-Bit Server VM (25.101-b13) for windows-amd64 JRE (1.8.0_101-b13), built on Jun 22 2016 01:21:29 by "java_re" with MS VC++ 10.0 (VS2010)
Memory: 4k page, physical 8268948k(2257412k free), swap 18230420k(4360472k free)
CommandLine flags: -XX:InitialHeapSize=536870912 -XX:MaxHeapSize=536870912 -XX:+PrintGC -XX:+PrintGCDateStamps -XX:+PrintGCTimeStamps -XX:+UseCompressedClassPointers -XX:+UseCompressedOops -XX:+UseG1GC -XX:-UseLargePagesIndividualAllocation 
2020-10-28T17:28:50.765+0800: 0.145: [GC pause (G1 Evacuation Pause) (young) 34M->14M(512M), 0.0023410 secs]
2020-10-28T17:28:50.773+0800: 0.153: [GC pause (G1 Evacuation Pause) (young) 39M->24M(512M), 0.0023874 secs]
2020-10-28T17:28:50.790+0800: 0.169: [GC pause (G1 Evacuation Pause) (young) 56M->36M(512M), 0.0033599 secs]
2020-10-28T17:28:50.810+0800: 0.189: [GC pause (G1 Evacuation Pause) (young) 84M->53M(512M), 0.0037179 secs]
2020-10-28T17:28:50.863+0800: 0.242: [GC pause (G1 Evacuation Pause) (young) 158M->89M(512M), 0.0065600 secs]
2020-10-28T17:28:50.889+0800: 0.269: [GC pause (G1 Evacuation Pause) (young) 155M->109M(512M), 0.0047815 secs]
2020-10-28T17:28:50.923+0800: 0.303: [GC pause (G1 Evacuation Pause) (young) 217M->150M(512M), 0.0071648 secs]
2020-10-28T17:28:50.962+0800: 0.342: [GC pause (G1 Evacuation Pause) (young) 288M->196M(512M), 0.0079713 secs]
2020-10-28T17:28:50.977+0800: 0.357: [GC pause (G1 Humongous Allocation) (young) (initial-mark) 242M->211M(512M), 0.0040292 secs]
2020-10-28T17:28:50.981+0800: 0.361: [GC concurrent-root-region-scan-start]
2020-10-28T17:28:50.981+0800: 0.361: [GC concurrent-root-region-scan-end, 0.0001537 secs]
2020-10-28T17:28:50.981+0800: 0.361: [GC concurrent-mark-start]
2020-10-28T17:28:50.984+0800: 0.364: [GC concurrent-mark-end, 0.0027451 secs]
2020-10-28T17:28:50.984+0800: 0.364: [GC remark, 0.0013272 secs]
2020-10-28T17:28:50.986+0800: 0.366: [GC cleanup 222M->222M(512M), 0.0003221 secs]
2020-10-28T17:28:51.036+0800: 0.416: [GC pause (G1 Evacuation Pause) (young)-- 409M->315M(512M), 0.0079479 secs]
2020-10-28T17:28:51.045+0800: 0.425: [GC pause (G1 Evacuation Pause) (mixed) 321M->304M(512M), 0.0039757 secs]
2020-10-28T17:28:51.049+0800: 0.429: [GC pause (G1 Humongous Allocation) (young) (initial-mark) 305M->304M(512M), 0.0007917 secs]
2020-10-28T17:28:51.050+0800: 0.430: [GC concurrent-root-region-scan-start]
2020-10-28T17:28:51.050+0800: 0.430: [GC concurrent-root-region-scan-end, 0.0000984 secs]
2020-10-28T17:28:51.050+0800: 0.430: [GC concurrent-mark-start]
2020-10-28T17:28:51.053+0800: 0.433: [GC concurrent-mark-end, 0.0025909 secs]
2020-10-28T17:28:51.053+0800: 0.433: [GC remark, 0.0015451 secs]
2020-10-28T17:28:51.054+0800: 0.434: [GC cleanup 320M->319M(512M), 0.0003591 secs]
2020-10-28T17:28:51.055+0800: 0.435: [GC concurrent-cleanup-start]
2020-10-28T17:28:51.055+0800: 0.435: [GC concurrent-cleanup-end, 0.0000086 secs]
2020-10-28T17:28:51.074+0800: 0.453: [GC pause (G1 Evacuation Pause) (young)-- 426M->369M(512M), 0.0046573 secs]
2020-10-28T17:28:51.082+0800: 0.462: [GC pause (G1 Evacuation Pause) (mixed) 390M->328M(512M), 0.0041656 secs]
2020-10-28T17:28:51.091+0800: 0.471: [GC pause (G1 Evacuation Pause) (mixed) 355M->314M(512M), 0.0040534 secs]
2020-10-28T17:28:51.096+0800: 0.475: [GC pause (G1 Humongous Allocation) (young) (initial-mark) 316M->314M(512M), 0.0012114 secs]
2020-10-28T17:28:51.097+0800: 0.477: [GC concurrent-root-region-scan-start]
2020-10-28T17:28:51.097+0800: 0.477: [GC concurrent-root-region-scan-end, 0.0001064 secs]
2020-10-28T17:28:51.097+0800: 0.477: [GC concurrent-mark-start]
2020-10-28T17:28:51.099+0800: 0.479: [GC concurrent-mark-end, 0.0023473 secs]
2020-10-28T17:28:51.100+0800: 0.479: [GC remark, 0.0016511 secs]
2020-10-28T17:28:51.101+0800: 0.481: [GC cleanup 330M->327M(512M), 0.0003406 secs]
2020-10-28T17:28:51.102+0800: 0.481: [GC concurrent-cleanup-start]
2020-10-28T17:28:51.102+0800: 0.481: [GC concurrent-cleanup-end, 0.0000117 secs]
2020-10-28T17:28:51.116+0800: 0.496: [GC pause (G1 Evacuation Pause) (young) 408M->339M(512M), 0.0042978 secs]
2020-10-28T17:28:51.124+0800: 0.503: [GC pause (G1 Evacuation Pause) (mixed) 358M->304M(512M), 0.0045431 secs]
2020-10-28T17:28:51.133+0800: 0.513: [GC pause (G1 Evacuation Pause) (mixed) 331M->304M(512M), 0.0037665 secs]
2020-10-28T17:28:51.137+0800: 0.517: [GC pause (G1 Humongous Allocation) (young) (initial-mark) 305M->305M(512M), 0.0011281 secs]
2020-10-28T17:28:51.138+0800: 0.518: [GC concurrent-root-region-scan-start]
2020-10-28T17:28:51.138+0800: 0.518: [GC concurrent-root-region-scan-end, 0.0001117 secs]
2020-10-28T17:28:51.138+0800: 0.518: [GC concurrent-mark-start]
2020-10-28T17:28:51.142+0800: 0.521: [GC concurrent-mark-end, 0.0032542 secs]
2020-10-28T17:28:51.142+0800: 0.521: [GC remark, 0.0016299 secs]
2020-10-28T17:28:51.144+0800: 0.523: [GC cleanup 323M->323M(512M), 0.0003333 secs]
2020-10-28T17:28:51.160+0800: 0.540: [GC pause (G1 Evacuation Pause) (young) 395M->334M(512M), 0.0044156 secs]
2020-10-28T17:28:51.168+0800: 0.548: [GC pause (G1 Evacuation Pause) (mixed) 353M->316M(512M), 0.0058791 secs]
2020-10-28T17:28:51.175+0800: 0.554: [GC pause (G1 Humongous Allocation) (young) (initial-mark) 319M->316M(512M), 0.0012136 secs]
2020-10-28T17:28:51.176+0800: 0.556: [GC concurrent-root-region-scan-start]
2020-10-28T17:28:51.176+0800: 0.556: [GC concurrent-root-region-scan-end, 0.0001350 secs]
2020-10-28T17:28:51.176+0800: 0.556: [GC concurrent-mark-start]
2020-10-28T17:28:51.179+0800: 0.559: [GC concurrent-mark-end, 0.0025639 secs]
2020-10-28T17:28:51.179+0800: 0.559: [GC remark, 0.0017076 secs]
2020-10-28T17:28:51.181+0800: 0.561: [GC cleanup 332M->332M(512M), 0.0003257 secs]
2020-10-28T17:28:51.195+0800: 0.574: [GC pause (G1 Evacuation Pause) (young) 399M->339M(512M), 0.0041519 secs]
2020-10-28T17:28:51.204+0800: 0.583: [GC pause (G1 Evacuation Pause) (mixed) 358M->322M(512M), 0.0055827 secs]
2020-10-28T17:28:51.209+0800: 0.589: [GC pause (G1 Humongous Allocation) (young) (initial-mark) 323M->322M(512M), 0.0009803 secs]
2020-10-28T17:28:51.210+0800: 0.590: [GC concurrent-root-region-scan-start]
2020-10-28T17:28:51.211+0800: 0.590: [GC concurrent-root-region-scan-end, 0.0001347 secs]
2020-10-28T17:28:51.211+0800: 0.590: [GC concurrent-mark-start]
2020-10-28T17:28:51.214+0800: 0.593: [GC concurrent-mark-end, 0.0029182 secs]
2020-10-28T17:28:51.214+0800: 0.593: [GC remark, 0.0017850 secs]
2020-10-28T17:28:51.216+0800: 0.595: [GC cleanup 335M->335M(512M), 0.0003232 secs]
2020-10-28T17:28:51.230+0800: 0.609: [GC pause (G1 Evacuation Pause) (young) 401M->350M(512M), 0.0042346 secs]
2020-10-28T17:28:51.238+0800: 0.618: [GC pause (G1 Evacuation Pause) (mixed) 370M->338M(512M), 0.0057016 secs]
2020-10-28T17:28:51.245+0800: 0.624: [GC pause (G1 Humongous Allocation) (young) (initial-mark) 342M->339M(512M), 0.0012976 secs]
2020-10-28T17:28:51.246+0800: 0.626: [GC concurrent-root-region-scan-start]
2020-10-28T17:28:51.246+0800: 0.626: [GC concurrent-root-region-scan-end, 0.0001271 secs]
2020-10-28T17:28:51.246+0800: 0.626: [GC concurrent-mark-start]
2020-10-28T17:28:51.249+0800: 0.629: [GC concurrent-mark-end, 0.0031223 secs]
2020-10-28T17:28:51.250+0800: 0.629: [GC remark, 0.0018933 secs]
2020-10-28T17:28:51.252+0800: 0.631: [GC cleanup 356M->356M(512M), 0.0003498 secs]
2020-10-28T17:28:51.261+0800: 0.640: [GC pause (G1 Evacuation Pause) (young) 394M->350M(512M), 0.0024823 secs]
2020-10-28T17:28:51.268+0800: 0.647: [GC pause (G1 Evacuation Pause) (mixed) 374M->333M(512M), 0.0062664 secs]
2020-10-28T17:28:51.279+0800: 0.658: [GC pause (G1 Evacuation Pause) (mixed) 358M->340M(512M), 0.0031032 secs]
2020-10-28T17:28:51.283+0800: 0.662: [GC pause (G1 Humongous Allocation) (young) (initial-mark) 341M->340M(512M), 0.0010077 secs]
2020-10-28T17:28:51.284+0800: 0.663: [GC concurrent-root-region-scan-start]
2020-10-28T17:28:51.284+0800: 0.663: [GC concurrent-root-region-scan-end, 0.0001269 secs]
2020-10-28T17:28:51.284+0800: 0.663: [GC concurrent-mark-start]
2020-10-28T17:28:51.287+0800: 0.666: [GC concurrent-mark-end, 0.0026535 secs]
2020-10-28T17:28:51.287+0800: 0.666: [GC remark, 0.0019153 secs]
2020-10-28T17:28:51.289+0800: 0.668: [GC cleanup 357M->357M(512M), 0.0003315 secs]
2020-10-28T17:28:51.296+0800: 0.675: [GC pause (G1 Evacuation Pause) (young) 398M->352M(512M), 0.0037466 secs]
2020-10-28T17:28:51.303+0800: 0.682: [GC pause (G1 Evacuation Pause) (mixed) 378M->345M(512M), 0.0054090 secs]
2020-10-28T17:28:51.308+0800: 0.688: [GC pause (G1 Humongous Allocation) (young) (initial-mark) 346M->344M(512M), 0.0009884 secs]
2020-10-28T17:28:51.309+0800: 0.689: [GC concurrent-root-region-scan-start]
2020-10-28T17:28:51.309+0800: 0.689: [GC concurrent-root-region-scan-end, 0.0001275 secs]
2020-10-28T17:28:51.309+0800: 0.689: [GC concurrent-mark-start]
2020-10-28T17:28:51.312+0800: 0.692: [GC concurrent-mark-end, 0.0030505 secs]
2020-10-28T17:28:51.312+0800: 0.693: [GC remark, 0.0018827 secs]
2020-10-28T17:28:51.314+0800: 0.695: [GC cleanup 360M->360M(512M), 0.0003494 secs]
2020-10-28T17:28:51.322+0800: 0.702: [GC pause (G1 Evacuation Pause) (young) 405M->362M(512M), 0.0033995 secs]
2020-10-28T17:28:51.329+0800: 0.709: [GC pause (G1 Evacuation Pause) (mixed) 384M->351M(512M), 0.0053987 secs]
2020-10-28T17:28:51.336+0800: 0.716: [GC pause (G1 Humongous Allocation) (young) (initial-mark) 355M->352M(512M), 0.0012994 secs]
2020-10-28T17:28:51.337+0800: 0.717: [GC concurrent-root-region-scan-start]
2020-10-28T17:28:51.337+0800: 0.717: [GC concurrent-root-region-scan-end, 0.0001291 secs]
2020-10-28T17:28:51.337+0800: 0.717: [GC concurrent-mark-start]
2020-10-28T17:28:51.339+0800: 0.720: [GC concurrent-mark-end, 0.0023099 secs]
2020-10-28T17:28:51.340+0800: 0.720: [GC remark, 0.0019098 secs]
2020-10-28T17:28:51.342+0800: 0.722: [GC cleanup 370M->370M(512M), 0.0003635 secs]
2020-10-28T17:28:51.348+0800: 0.728: [GC pause (G1 Evacuation Pause) (young) 401M->370M(512M), 0.0031138 secs]
2020-10-28T17:28:51.355+0800: 0.735: [GC pause (G1 Evacuation Pause) (mixed) 393M->355M(512M), 0.0062996 secs]
2020-10-28T17:28:51.362+0800: 0.742: [GC pause (G1 Humongous Allocation) (young) (initial-mark) 359M->356M(512M), 0.0013164 secs]
2020-10-28T17:28:51.363+0800: 0.743: [GC concurrent-root-region-scan-start]
2020-10-28T17:28:51.363+0800: 0.743: [GC concurrent-root-region-scan-end, 0.0000907 secs]
2020-10-28T17:28:51.363+0800: 0.743: [GC concurrent-mark-start]
2020-10-28T17:28:51.367+0800: 0.747: [GC concurrent-mark-end, 0.0034698 secs]
2020-10-28T17:28:51.367+0800: 0.747: [GC remark, 0.0019181 secs]
2020-10-28T17:28:51.369+0800: 0.749: [GC cleanup 375M->375M(512M), 0.0004186 secs]
2020-10-28T17:28:51.373+0800: 0.753: [GC pause (G1 Evacuation Pause) (young) 397M->370M(512M), 0.0031300 secs]
2020-10-28T17:28:51.381+0800: 0.761: [GC pause (G1 Evacuation Pause) (mixed) 395M->362M(512M), 0.0052182 secs]
2020-10-28T17:28:51.387+0800: 0.767: [GC pause (G1 Humongous Allocation) (young) (initial-mark) 369M->365M(512M), 0.0014818 secs]
2020-10-28T17:28:51.389+0800: 0.769: [GC concurrent-root-region-scan-start]
2020-10-28T17:28:51.389+0800: 0.769: [GC concurrent-root-region-scan-end, 0.0001091 secs]
2020-10-28T17:28:51.389+0800: 0.769: [GC concurrent-mark-start]
2020-10-28T17:28:51.391+0800: 0.771: [GC concurrent-mark-end, 0.0022615 secs]
2020-10-28T17:28:51.391+0800: 0.771: [GC remark, 0.0020159 secs]
2020-10-28T17:28:51.394+0800: 0.774: [GC cleanup 379M->378M(512M), 0.0003478 secs]
2020-10-28T17:28:51.394+0800: 0.774: [GC concurrent-cleanup-start]
2020-10-28T17:28:51.394+0800: 0.774: [GC concurrent-cleanup-end, 0.0000149 secs]
2020-10-28T17:28:51.398+0800: 0.778: [GC pause (G1 Evacuation Pause) (young) 399M->373M(512M), 0.0029046 secs]
2020-10-28T17:28:51.406+0800: 0.786: [GC pause (G1 Evacuation Pause) (mixed) 399M->366M(512M), 0.0049606 secs]
2020-10-28T17:28:51.411+0800: 0.791: [GC pause (G1 Humongous Allocation) (young) (initial-mark) 368M->367M(512M), 0.0011953 secs]
2020-10-28T17:28:51.413+0800: 0.793: [GC concurrent-root-region-scan-start]
2020-10-28T17:28:51.413+0800: 0.793: [GC concurrent-root-region-scan-end, 0.0000148 secs]
2020-10-28T17:28:51.413+0800: 0.793: [GC concurrent-mark-start]
2020-10-28T17:28:51.415+0800: 0.795: [GC concurrent-mark-end, 0.0024064 secs]
2020-10-28T17:28:51.415+0800: 0.795: [GC remark, 0.0020200 secs]
2020-10-28T17:28:51.417+0800: 0.797: [GC cleanup 388M->388M(512M), 0.0003595 secs]
2020-10-28T17:28:51.420+0800: 0.800: [GC pause (G1 Evacuation Pause) (young) 398M->376M(512M), 0.0026508 secs]
2020-10-28T17:28:51.427+0800: 0.807: [GC pause (G1 Evacuation Pause) (mixed)-- 407M->374M(512M), 0.0061180 secs]
2020-10-28T17:28:51.435+0800: 0.815: [GC pause (G1 Humongous Allocation) (young) (initial-mark) 384M->375M(512M), 0.0018300 secs]
2020-10-28T17:28:51.437+0800: 0.816: [GC concurrent-root-region-scan-start]
2020-10-28T17:28:51.437+0800: 0.817: [GC concurrent-root-region-scan-end, 0.0001072 secs]
2020-10-28T17:28:51.437+0800: 0.817: [GC concurrent-mark-start]
2020-10-28T17:28:51.440+0800: 0.820: [GC concurrent-mark-end, 0.0033263 secs]
2020-10-28T17:28:51.440+0800: 0.820: [GC remark, 0.0019528 secs]
2020-10-28T17:28:51.442+0800: 0.822: [GC cleanup 390M->390M(512M), 0.0004063 secs]
2020-10-28T17:28:51.444+0800: 0.824: [GC pause (G1 Evacuation Pause) (young) 400M->382M(512M), 0.0026170 secs]
2020-10-28T17:28:51.451+0800: 0.831: [GC pause (G1 Evacuation Pause) (mixed)-- 412M->396M(512M), 0.0057222 secs]
2020-10-28T17:28:51.458+0800: 0.838: [GC pause (G1 Humongous Allocation) (young) (initial-mark) 401M->398M(512M), 0.0014585 secs]
2020-10-28T17:28:51.460+0800: 0.840: [GC concurrent-root-region-scan-start]
2020-10-28T17:28:51.460+0800: 0.840: [GC concurrent-root-region-scan-end, 0.0001297 secs]
2020-10-28T17:28:51.460+0800: 0.840: [GC concurrent-mark-start]
2020-10-28T17:28:51.463+0800: 0.843: [GC concurrent-mark-end, 0.0026759 secs]
2020-10-28T17:28:51.463+0800: 0.843: [GC remark, 0.0019852 secs]
2020-10-28T17:28:51.465+0800: 0.845: [GC cleanup 417M->416M(512M), 0.0003993 secs]
2020-10-28T17:28:51.465+0800: 0.845: [GC concurrent-cleanup-start]
2020-10-28T17:28:51.465+0800: 0.845: [GC concurrent-cleanup-end, 0.0000075 secs]
2020-10-28T17:28:51.468+0800: 0.848: [GC pause (G1 Evacuation Pause) (young) 428M->407M(512M), 0.0032886 secs]
2020-10-28T17:28:51.476+0800: 0.856: [GC pause (G1 Evacuation Pause) (mixed)-- 433M->422M(512M), 0.0026548 secs]
2020-10-28T17:28:51.482+0800: 0.862: [GC pause (G1 Humongous Allocation) (mixed)-- 440M->436M(512M), 0.0011299 secs]
2020-10-28T17:28:51.483+0800: 0.863: [GC pause (G1 Humongous Allocation) (young) (initial-mark) 437M->436M(512M), 0.0006233 secs]
2020-10-28T17:28:51.484+0800: 0.864: [GC concurrent-root-region-scan-start]
2020-10-28T17:28:51.484+0800: 0.864: [GC concurrent-root-region-scan-end, 0.0000160 secs]
2020-10-28T17:28:51.484+0800: 0.864: [GC concurrent-mark-start]
2020-10-28T17:28:51.485+0800: 0.865: [GC pause (G1 Evacuation Pause) (young)-- 441M->439M(512M), 0.0009176 secs]
2020-10-28T17:28:51.487+0800: 0.867: [GC pause (G1 Humongous Allocation) (young)-- 442M->441M(512M), 0.0006511 secs]
2020-10-28T17:28:51.488+0800: 0.868: [GC pause (G1 Evacuation Pause) (young) 442M->442M(512M), 0.0005823 secs]
2020-10-28T17:28:51.489+0800: 0.868: [GC pause (G1 Evacuation Pause) (young) 442M->442M(512M), 0.0005623 secs]
2020-10-28T17:28:51.489+0800: 0.869: [Full GC (Allocation Failure)  442M->334M(512M), 0.0361267 secs]
2020-10-28T17:28:51.526+0800: 0.905: [GC concurrent-mark-abort]
2020-10-28T17:28:51.526+0800: 0.906: [GC pause (G1 Humongous Allocation) (young) (initial-mark) 337M->334M(512M), 0.0006807 secs]
2020-10-28T17:28:51.527+0800: 0.906: [GC concurrent-root-region-scan-start]
2020-10-28T17:28:51.527+0800: 0.906: [GC concurrent-root-region-scan-end, 0.0000859 secs]
2020-10-28T17:28:51.527+0800: 0.906: [GC concurrent-mark-start]
2020-10-28T17:28:51.530+0800: 0.910: [GC concurrent-mark-end, 0.0031446 secs]
2020-10-28T17:28:51.530+0800: 0.910: [GC remark, 0.0021075 secs]
2020-10-28T17:28:51.532+0800: 0.912: [GC cleanup 357M->357M(512M), 0.0004616 secs]
2020-10-28T17:28:51.535+0800: 0.915: [GC pause (G1 Evacuation Pause) (young) 364M->345M(512M), 0.0028538 secs]
2020-10-28T17:28:51.539+0800: 0.919: [GC pause (G1 Humongous Allocation) (young) (initial-mark) 350M->346M(512M), 0.0012462 secs]
2020-10-28T17:28:51.540+0800: 0.920: [GC concurrent-root-region-scan-start]
2020-10-28T17:28:51.541+0800: 0.920: [GC concurrent-root-region-scan-end, 0.0001420 secs]
2020-10-28T17:28:51.541+0800: 0.920: [GC concurrent-mark-start]
2020-10-28T17:28:51.543+0800: 0.922: [GC concurrent-mark-end, 0.0021606 secs]
2020-10-28T17:28:51.543+0800: 0.922: [GC remark, 0.0021840 secs]
2020-10-28T17:28:51.545+0800: 0.925: [GC cleanup 362M->362M(512M), 0.0003822 secs]
2020-10-28T17:28:51.549+0800: 0.928: [GC pause (G1 Evacuation Pause) (young) 379M->358M(512M), 0.0033269 secs]
2020-10-28T17:28:51.557+0800: 0.936: [GC pause (G1 Evacuation Pause) (mixed) 382M->360M(512M), 0.0033814 secs]
2020-10-28T17:28:51.561+0800: 0.941: [GC pause (G1 Humongous Allocation) (young) (initial-mark) 365M->362M(512M), 0.0015899 secs]
2020-10-28T17:28:51.563+0800: 0.942: [GC concurrent-root-region-scan-start]
2020-10-28T17:28:51.563+0800: 0.942: [GC concurrent-root-region-scan-end, 0.0001141 secs]
2020-10-28T17:28:51.563+0800: 0.942: [GC concurrent-mark-start]
2020-10-28T17:28:51.565+0800: 0.945: [GC concurrent-mark-end, 0.0024273 secs]
2020-10-28T17:28:51.566+0800: 0.945: [GC remark, 0.0021263 secs]
2020-10-28T17:28:51.568+0800: 0.947: [GC cleanup 380M->380M(512M), 0.0003457 secs]
2020-10-28T17:28:51.571+0800: 0.950: [GC pause (G1 Evacuation Pause) (young) 392M->369M(512M), 0.0028523 secs]
2020-10-28T17:28:51.578+0800: 0.958: [GC pause (G1 Evacuation Pause) (mixed)-- 401M->395M(512M), 0.0032458 secs]
2020-10-28T17:28:51.582+0800: 0.962: [GC pause (G1 Humongous Allocation) (young) (initial-mark) 399M->396M(512M), 0.0008018 secs]
2020-10-28T17:28:51.583+0800: 0.962: [GC concurrent-root-region-scan-start]
2020-10-28T17:28:51.583+0800: 0.963: [GC concurrent-root-region-scan-end, 0.0001249 secs]
2020-10-28T17:28:51.583+0800: 0.963: [GC concurrent-mark-start]
2020-10-28T17:28:51.586+0800: 0.965: [GC concurrent-mark-end, 0.0024540 secs]
2020-10-28T17:28:51.586+0800: 0.965: [GC remark, 0.0020903 secs]
2020-10-28T17:28:51.588+0800: 0.967: [GC pause (G1 Evacuation Pause) (young)-- 411M->409M(512M), 0.0011078 secs]
2020-10-28T17:28:51.589+0800: 0.969: [GC cleanup 409M->409M(512M), 0.0003176 secs]
2020-10-28T17:28:51.591+0800: 0.970: [GC pause (G1 Evacuation Pause) (young)-- 412M->412M(512M), 0.0006803 secs]
2020-10-28T17:28:51.591+0800: 0.971: [Full GC (Allocation Failure)  412M->343M(512M), 0.0380120 secs]
2020-10-28T17:28:51.630+0800: 1.010: [GC pause (G1 Humongous Allocation) (young) (initial-mark) 347M->343M(512M), 0.0007709 secs]
2020-10-28T17:28:51.631+0800: 1.010: [GC concurrent-root-region-scan-start]
2020-10-28T17:28:51.631+0800: 1.011: [GC concurrent-root-region-scan-end, 0.0001033 secs]
2020-10-28T17:28:51.631+0800: 1.011: [GC concurrent-mark-start]
2020-10-28T17:28:51.634+0800: 1.013: [GC concurrent-mark-end, 0.0022698 secs]
2020-10-28T17:28:51.634+0800: 1.013: [GC remark, 0.0020946 secs]
2020-10-28T17:28:51.636+0800: 1.015: [GC cleanup 359M->359M(512M), 0.0003345 secs]
2020-10-28T17:28:51.639+0800: 1.018: [GC pause (G1 Evacuation Pause) (young) 375M->356M(512M), 0.0028083 secs]
2020-10-28T17:28:51.643+0800: 1.022: [GC pause (G1 Humongous Allocation) (young) (initial-mark) 360M->355M(512M), 0.0010977 secs]
2020-10-28T17:28:51.644+0800: 1.023: [GC concurrent-root-region-scan-start]
2020-10-28T17:28:51.644+0800: 1.023: [GC concurrent-root-region-scan-end, 0.0000970 secs]
2020-10-28T17:28:51.644+0800: 1.023: [GC concurrent-mark-start]
2020-10-28T17:28:51.646+0800: 1.026: [GC concurrent-mark-end, 0.0025246 secs]
2020-10-28T17:28:51.647+0800: 1.026: [GC remark, 0.0021413 secs]
2020-10-28T17:28:51.649+0800: 1.028: [GC cleanup 371M->371M(512M), 0.0004251 secs]
2020-10-28T17:28:51.653+0800: 1.032: [GC pause (G1 Evacuation Pause) (young) 390M->365M(512M), 0.0032065 secs]
2020-10-28T17:28:51.661+0800: 1.040: [GC pause (G1 Evacuation Pause) (mixed)-- 391M->378M(512M), 0.0034297 secs]
2020-10-28T17:28:51.665+0800: 1.044: [GC pause (G1 Humongous Allocation) (young) (initial-mark) 378M->377M(512M), 0.0011265 secs]
2020-10-28T17:28:51.666+0800: 1.045: [GC concurrent-root-region-scan-start]
2020-10-28T17:28:51.666+0800: 1.045: [GC concurrent-root-region-scan-end, 0.0000190 secs]
2020-10-28T17:28:51.666+0800: 1.045: [GC concurrent-mark-start]
2020-10-28T17:28:51.669+0800: 1.049: [GC concurrent-mark-end, 0.0034459 secs]
2020-10-28T17:28:51.670+0800: 1.049: [GC remark, 0.0023201 secs]
2020-10-28T17:28:51.672+0800: 1.052: [GC cleanup 398M->398M(512M), 0.0005330 secs]
2020-10-28T17:28:51.675+0800: 1.054: [GC pause (G1 Evacuation Pause) (young)-- 402M->394M(512M), 0.0026150 secs]
2020-10-28T17:28:51.680+0800: 1.060: [GC pause (G1 Evacuation Pause) (mixed)-- 405M->402M(512M), 0.0016207 secs]
2020-10-28T17:28:51.682+0800: 1.062: [GC pause (G1 Humongous Allocation) (young) (initial-mark) 404M->403M(512M), 0.0011270 secs]
2020-10-28T17:28:51.683+0800: 1.063: [GC concurrent-root-region-scan-start]
2020-10-28T17:28:51.683+0800: 1.063: [GC concurrent-root-region-scan-end, 0.0000970 secs]
2020-10-28T17:28:51.683+0800: 1.063: [GC concurrent-mark-start]
2020-10-28T17:28:51.686+0800: 1.066: [GC pause (G1 Evacuation Pause) (young)-- 406M->405M(512M), 0.0009141 secs]
2020-10-28T17:28:51.687+0800: 1.067: [GC pause (G1 Humongous Allocation) (young) 406M->405M(512M), 0.0006830 secs]
2020-10-28T17:28:51.688+0800: 1.068: [GC concurrent-mark-end, 0.0049592 secs]
2020-10-28T17:28:51.688+0800: 1.068: [GC remark, 0.0020694 secs]
2020-10-28T17:28:51.690+0800: 1.070: [GC pause (G1 Humongous Allocation) (young) 406M->405M(512M), 0.0010397 secs]
2020-10-28T17:28:51.692+0800: 1.072: [GC cleanup 406M->406M(512M), 0.0003964 secs]
2020-10-28T17:28:51.692+0800: 1.072: [GC pause (G1 Evacuation Pause) (young) 406M->405M(512M), 0.0008570 secs]
2020-10-28T17:28:51.693+0800: 1.074: [GC pause (G1 Evacuation Pause) (mixed)-- 406M->406M(512M), 0.0008870 secs]
2020-10-28T17:28:51.694+0800: 1.075: [Full GC (Allocation Failure)  406M->353M(512M), 0.0435495 secs]
