Java HotSpot(TM) 64-Bit Server VM (25.101-b13) for windows-amd64 JRE (1.8.0_101-b13), built on Jun 22 2016 01:21:29 by "java_re" with MS VC++ 10.0 (VS2010)
Memory: 4k page, physical 8268948k(2318196k free), swap 18230420k(4416144k free)
CommandLine flags: -XX:InitialHeapSize=536870912 -XX:MaxHeapSize=536870912 -XX:+PrintGC -XX:+PrintGCDateStamps -XX:+PrintGCDetails -XX:+PrintGCTimeStamps -XX:+UseCompressedClassPointers -XX:+UseCompressedOops -XX:-UseLargePagesIndividualAllocation -XX:+UseSerialGC 
2020-10-28T17:17:04.896+0800: 0.199: [GC (Allocation Failure) 2020-10-28T17:17:04.896+0800: 0.199: [DefNew: 139776K->17472K(157248K), 0.0194968 secs] 139776K->43586K(506816K), 0.0196155 secs] [Times: user=0.00 sys=0.02, real=0.02 secs] 
2020-10-28T17:17:04.936+0800: 0.239: [GC (Allocation Failure) 2020-10-28T17:17:04.937+0800: 0.239: [DefNew: 157248K->17466K(157248K), 0.0282411 secs] 183362K->93093K(506816K), 0.0283223 secs] [Times: user=0.02 sys=0.00, real=0.03 secs] 
2020-10-28T17:17:04.985+0800: 0.288: [GC (Allocation Failure) 2020-10-28T17:17:04.985+0800: 0.288: [DefNew: 157242K->17471K(157248K), 0.0220706 secs] 232869K->139701K(506816K), 0.0221373 secs] [Times: user=0.00 sys=0.02, real=0.02 secs] 
2020-10-28T17:17:05.028+0800: 0.331: [GC (Allocation Failure) 2020-10-28T17:17:05.028+0800: 0.331: [DefNew: 157247K->17468K(157248K), 0.0225855 secs] 279477K->186471K(506816K), 0.0226499 secs] [Times: user=0.02 sys=0.02, real=0.02 secs] 
2020-10-28T17:17:05.073+0800: 0.376: [GC (Allocation Failure) 2020-10-28T17:17:05.073+0800: 0.376: [DefNew: 157244K->17471K(157248K), 0.0198555 secs] 326247K->227010K(506816K), 0.0199126 secs] [Times: user=0.02 sys=0.02, real=0.02 secs] 
2020-10-28T17:17:05.115+0800: 0.418: [GC (Allocation Failure) 2020-10-28T17:17:05.115+0800: 0.418: [DefNew: 157247K->17471K(157248K), 0.0219031 secs] 366786K->272671K(506816K), 0.0219546 secs] [Times: user=0.02 sys=0.00, real=0.02 secs] 
2020-10-28T17:17:05.158+0800: 0.461: [GC (Allocation Failure) 2020-10-28T17:17:05.158+0800: 0.461: [DefNew: 157247K->17471K(157248K), 0.0184476 secs] 412447K->311005K(506816K), 0.0185151 secs] [Times: user=0.01 sys=0.00, real=0.02 secs] 
2020-10-28T17:17:05.197+0800: 0.499: [GC (Allocation Failure) 2020-10-28T17:17:05.197+0800: 0.499: [DefNew: 157247K->17471K(157248K), 0.0219809 secs] 450781K->356361K(506816K), 0.0220585 secs] [Times: user=0.02 sys=0.02, real=0.02 secs] 
2020-10-28T17:17:05.240+0800: 0.542: [GC (Allocation Failure) 2020-10-28T17:17:05.240+0800: 0.542: [DefNew: 157247K->157247K(157248K), 0.0000230 secs]2020-10-28T17:17:05.240+0800: 0.542: [Tenured: 338889K->283024K(349568K), 0.0465667 secs] 496137K->283024K(506816K), [Metaspace: 2644K->2644K(1056768K)], 0.0466870 secs] [Times: user=0.05 sys=0.00, real=0.05 secs] 
2020-10-28T17:17:05.308+0800: 0.611: [GC (Allocation Failure) 2020-10-28T17:17:05.308+0800: 0.611: [DefNew: 139776K->17471K(157248K), 0.0078504 secs] 422800K->330713K(506816K), 0.0079119 secs] [Times: user=0.01 sys=0.00, real=0.01 secs] 
2020-10-28T17:17:05.337+0800: 0.640: [GC (Allocation Failure) 2020-10-28T17:17:05.337+0800: 0.640: [DefNew: 157247K->157247K(157248K), 0.0000241 secs]2020-10-28T17:17:05.337+0800: 0.640: [Tenured: 313242K->315372K(349568K), 0.0493295 secs] 470489K->315372K(506816K), [Metaspace: 2644K->2644K(1056768K)], 0.0494443 secs] [Times: user=0.05 sys=0.00, real=0.05 secs] 
2020-10-28T17:17:05.408+0800: 0.711: [GC (Allocation Failure) 2020-10-28T17:17:05.408+0800: 0.711: [DefNew: 139776K->139776K(157248K), 0.0000225 secs]2020-10-28T17:17:05.408+0800: 0.711: [Tenured: 315372K->320469K(349568K), 0.0489807 secs] 455148K->320469K(506816K), [Metaspace: 2644K->2644K(1056768K)], 0.0490811 secs] [Times: user=0.05 sys=0.00, real=0.05 secs] 
2020-10-28T17:17:05.481+0800: 0.784: [GC (Allocation Failure) 2020-10-28T17:17:05.481+0800: 0.784: [DefNew: 139776K->139776K(157248K), 0.0000142 secs]2020-10-28T17:17:05.481+0800: 0.784: [Tenured: 320469K->315166K(349568K), 0.0486811 secs] 460245K->315166K(506816K), [Metaspace: 2644K->2644K(1056768K)], 0.0487833 secs] [Times: user=0.06 sys=0.00, real=0.05 secs] 
2020-10-28T17:17:05.553+0800: 0.855: [GC (Allocation Failure) 2020-10-28T17:17:05.553+0800: 0.855: [DefNew: 139776K->139776K(157248K), 0.0000155 secs]2020-10-28T17:17:05.553+0800: 0.855: [Tenured: 315166K->341531K(349568K), 0.0303142 secs] 454942K->341531K(506816K), [Metaspace: 2644K->2644K(1056768K)], 0.0303938 secs] [Times: user=0.03 sys=0.00, real=0.03 secs] 
2020-10-28T17:17:05.604+0800: 0.907: [GC (Allocation Failure) 2020-10-28T17:17:05.604+0800: 0.907: [DefNew: 139776K->139776K(157248K), 0.0000135 secs]2020-10-28T17:17:05.604+0800: 0.907: [Tenured: 341531K->349343K(349568K), 0.0476406 secs] 481307K->349779K(506816K), [Metaspace: 2644K->2644K(1056768K)], 0.0477197 secs] [Times: user=0.05 sys=0.00, real=0.05 secs] 
2020-10-28T17:17:05.692+0800: 0.994: [Full GC (Allocation Failure) 2020-10-28T17:17:05.692+0800: 0.994: [Tenured: 349488K->349503K(349568K), 0.0488225 secs] 506697K->354348K(506816K), [Metaspace: 2644K->2644K(1056768K)], 0.0488913 secs] [Times: user=0.05 sys=0.00, real=0.05 secs] 
2020-10-28T17:17:05.766+0800: 1.069: [Full GC (Allocation Failure) 2020-10-28T17:17:05.766+0800: 1.069: [Tenured: 349523K->344173K(349568K), 0.0560162 secs] 506765K->344173K(506816K), [Metaspace: 2644K->2644K(1056768K)], 0.0560781 secs] [Times: user=0.05 sys=0.00, real=0.06 secs] 
Heap
 def new generation   total 157248K, used 6074K [0x00000000e0000000, 0x00000000eaaa0000, 0x00000000eaaa0000)
  eden space 139776K,   4% used [0x00000000e0000000, 0x00000000e05ee9e8, 0x00000000e8880000)
  from space 17472K,   0% used [0x00000000e9990000, 0x00000000e9990000, 0x00000000eaaa0000)
  to   space 17472K,   0% used [0x00000000e8880000, 0x00000000e8880000, 0x00000000e9990000)
 tenured generation   total 349568K, used 344173K [0x00000000eaaa0000, 0x0000000100000000, 0x0000000100000000)
   the space 349568K,  98% used [0x00000000eaaa0000, 0x00000000ffabb418, 0x00000000ffabb600, 0x0000000100000000)
 Metaspace       used 2650K, capacity 4486K, committed 4864K, reserved 1056768K
  class space    used 297K, capacity 386K, committed 512K, reserved 1048576K
